# One line per watch dispatch. Append only.
#
# Exists because the 2026-08-08T01:28:18Z scheduled dispatch produced no report,
# no heads.log line and no commit — and nothing distinguished "the scheduler
# fired and the run did nothing" from "the scheduler never fired". An unmatched
# `started` line is now the evidence that a run died partway.
2026-08-07T22:11:48.681Z  finished  2026-08-07-2213.md  (manual validation run)
2026-08-08T01:28:18.268Z  NO TRACE  scheduler reported lastRunAt; run produced nothing (recorded retroactively)
2026-08-08T08:45:55.014Z  started
2026-08-08T08:56:46.215Z  finished  2026-08-08-0845.md
2026-08-08T09:28:47Z  started
2026-08-09T01:44:43Z  CORRECTION  the "started" line timestamped 2026-08-08T09:28:47Z was written under the same 16h-slow clock; true start ~2026-08-09T01:28:47Z.
2026-08-09T01:46:42Z  finished  2026-08-09-0128.md
2026-08-09T01:48:11Z  started
2026-08-09T02:03:10Z  finished  2026-08-09-0148.md  (duplicate dispatch of the 01:23 slot; 21m window)
2026-08-09T05:29:00Z  started
2026-08-09T05:48:33Z  finished  2026-08-09-0529.md
2026-08-09T09:29:00Z  started
2026-08-09T13:29:15Z  started
2026-08-09T18:57:40Z  CORRECTION  the "started" line above timestamped 2026-08-09T13:29:15Z was written under a system clock ~5h17m SLOW; its true wall-clock start was ~2026-08-09T18:46Z, cross-checked against api.github.com and 1f916.ai Date headers. The clock corrected itself mid-run (w32time is still STOPPED, so this was a trigger-start sync or a resume from sleep, not discipline). Append-only: not rewritten. The unmatched "started" at 09:29:00Z was almost certainly stamped by the same slow clock, i.e. true time ~14:46Z, which puts the scheduler on a clean 4h real-time cadence (14:46 -> 18:46).
2026-08-09T18:58:20Z  finished  2026-08-09-1846.md  (true-clock timestamps; started line above is the slow-clock stamp for this same run)
2026-08-09T19:01:39Z  started
2026-08-10T01:59:30Z  CORRECTION  the "started" line above timestamped 2026-08-09T19:01:39Z was written under a system clock ~6h50m SLOW; its true wall-clock start was ~2026-08-10T01:52Z. The clock synced itself between the first and third command of this run (19:01:39Z then 01:59:27Z, the latter agreeing with api.github.com 01:59:19Z and 1f916.ai 01:59:23Z to within seconds). Append-only: not rewritten. Same failure mode as the previous run, so the brief note "cross-check the clock BEFORE writing the started line" did not help — the trace line must be written first, and the clock is only correct after a network round-trip has happened.
